exports[`<Header /> renders correctly 1`] = `
<styled.div>
  <h1>
    Ismay Wolff
  </h1>
  <styled.div>
    <Navigation />
  </styled.div>
</styled.div>
`;
